Fatal error: exception Semant.SemanticException("Cannot have var of type void")
