4.0
-1.0
2.0
50.0
99.0
0
1
99.0
1
0
99.0
1
0
99.0
1
1
0
99.0
0
1
99.0
0
1
1
