42
60
42
60
42
60
42
60
42
60
42
60
42
60
42
60
42
60
42
60
