88888
0
0
0
0
88888
0
1
1
1
88888
0
2
2
2
88888
1
0
1
1
88888
1
1
2
2
88888
1
2
3
3
88888
2
0
2
2
88888
2
1
3
3
88888
2
2
4
4
88888
3
0
3
3
88888
3
1
4
4
88888
3
2
5
5
